Choose operation:
1. add
2. sub
3. mul
4. trans
5. trace
Operation mul requires 2 operand matrices.
Insert first matrix:
number of rows:number of columns:Now insert the values of the matrix, row by row.
After each cell add the char ',' (including after the last cell of a row).
Each row should be in a separate line.
Insert second matrix:
number of rows:number of columns:Now insert the values of the matrix, row by row.
After each cell add the char ',' (including after the last cell of a row).
Each row should be in a separate line.
--------
Got first matrix:

-90993567 2008910971
830496203 -1911195903
-2104290641 668743904

--------
Got second matrix:

-388224874 418364523 -2127051303
-926661986 -1036830760 180059512

==========
Resulted matrix:

-685780288 821026131 372935649
-1056677488 -2081560655 1015020939
261170378 1966764069 -1857779113

