Choose operation:
1. add
2. sub
3. mul
4. trans
5. trace
Operation trans requires 1 operand matrix.
number of rows:number of columns:Now insert the values of the matrix, row by row.
After each cell add the char ',' (including after the last cell of a row).
Each row should be in a separate line.
--------
got matrix:

-1211934129
1696836025

==========
Resulted matrix:

-1211934129 1696836025

