Choose operation:
1. add
2. sub
3. mul
4. trans
5. trace
Operation trans requires 1 operand matrix.
number of rows:number of columns:Now insert the values of the matrix, row by row.
After each cell add the char ',' (including after the last cell of a row).
Each row should be in a separate line.
--------
got matrix:

1804417749 488370611 -627799469 -1309927709
-427223922 209899815 -503593191 -1294601378

==========
Resulted matrix:

1804417749 -427223922
488370611 209899815
-627799469 -503593191
-1309927709 -1294601378

