Choose operation:
1. add
2. sub
3. mul
4. trans
5. trace
Operation mul requires 2 operand matrices.
Insert first matrix:
number of rows:number of columns:Now insert the values of the matrix, row by row.
After each cell add the char ',' (including after the last cell of a row).
Each row should be in a separate line.
Insert second matrix:
number of rows:number of columns:Now insert the values of the matrix, row by row.
After each cell add the char ',' (including after the last cell of a row).
Each row should be in a separate line.
--------
Got first matrix:

-388224874 418364523 -2127051303
-926661986 -1036830760 180059512

--------
Got second matrix:

-1739743798 -1550487614 971788235 269025545
-1553629699 -452876771 1318993387 1975407773
25187391 -208641947 969640799 2093248945

==========
Resulted matrix:

302210434 -222235544 -1080677198 410534126
2108121004 1240719756 458623002 2057751806

