Choose operation:
1. add
2. sub
3. mul
4. trans
5. trace
Operation mul requires 2 operand matrices.
Insert first matrix:
number of rows:number of columns:Now insert the values of the matrix, row by row.
After each cell add the char ',' (including after the last cell of a row).
Each row should be in a separate line.
Insert second matrix:
number of rows:number of columns:Now insert the values of the matrix, row by row.
After each cell add the char ',' (including after the last cell of a row).
Each row should be in a separate line.
--------
Got first matrix:

-677606693
-949340217
1701475401

--------
Got second matrix:

-1725172627 -1481749755 -2087019449

==========
Resulted matrix:

935910207 1352064839 -909773123
1926261691 -1112775709 1797831729
-831777003 -742152083 1313651775

