Choose operation:
1. add
2. sub
3. mul
4. trans
5. trace
Operation mul requires 2 operand matrices.
Insert first matrix:
number of rows:number of columns:Now insert the values of the matrix, row by row.
After each cell add the char ',' (including after the last cell of a row).
Each row should be in a separate line.
Insert second matrix:
number of rows:number of columns:Now insert the values of the matrix, row by row.
After each cell add the char ',' (including after the last cell of a row).
Each row should be in a separate line.
--------
Got first matrix:

-1288333720 1579440877
671539253 351592583
-1915993055 -1620044304
461489846 2133703340

--------
Got second matrix:

-388224874 418364523 -2127051303
-926661986 -1036830760 180059512

==========
Resulted matrix:

563845430 1650385008 1813110336
-1392703392 1690375439 -976748491
222723446 -749680565 -2076533383
-1383568180 185215794 -1690371354

