Choose operation:
1. add
2. sub
3. mul
4. trans
5. trace
Operation mul requires 2 operand matrices.
Insert first matrix:
number of rows:number of columns:Now insert the values of the matrix, row by row.
After each cell add the char ',' (including after the last cell of a row).
Each row should be in a separate line.
Insert second matrix:
number of rows:number of columns:Now insert the values of the matrix, row by row.
After each cell add the char ',' (including after the last cell of a row).
Each row should be in a separate line.
--------
Got first matrix:

-677606693
-949340217
1701475401

--------
Got second matrix:

-1056366271 -1648318376 945076041 1095048796

==========
Resulted matrix:

-380076901 1278178120 -624810637 -594636620
1344786567 559793256 -1602934593 -1403495036
-1735004279 -1264066280 611276753 -863020996

