Choose operation:
1. add
2. sub
3. mul
4. trans
5. trace
Operation mul requires 2 operand matrices.
Insert first matrix:
number of rows:number of columns:Now insert the values of the matrix, row by row.
After each cell add the char ',' (including after the last cell of a row).
Each row should be in a separate line.
Insert second matrix:
number of rows:number of columns:Now insert the values of the matrix, row by row.
After each cell add the char ',' (including after the last cell of a row).
Each row should be in a separate line.
--------
Got first matrix:

-90993567 2008910971
830496203 -1911195903
-2104290641 668743904

--------
Got second matrix:

1804417749 488370611 -627799469 -1309927709
-427223922 209899815 -503593191 -1294601378

==========
Resulted matrix:

-1326493969 -7058800 1793466998 -1516558803
-644211083 -26893800 1964981482 11747935
1719025115 -878880387 692392605 1670520173

