Choose operation:
1. add
2. sub
3. mul
4. trans
5. trace
Operation mul requires 2 operand matrices.
Insert first matrix:
number of rows:number of columns:Now insert the values of the matrix, row by row.
After each cell add the char ',' (including after the last cell of a row).
Each row should be in a separate line.
Insert second matrix:
number of rows:number of columns:Now insert the values of the matrix, row by row.
After each cell add the char ',' (including after the last cell of a row).
Each row should be in a separate line.
--------
Got first matrix:

1055038015
-1323975787
-271535981
457221606

--------
Got second matrix:

-1056366271 -1648318376 945076041 1095048796

==========
Resulted matrix:

413288703 -1520542296 1334641911 -1182936924
-1326459435 861029176 757989501 -1812734068
-756365229 -119723384 -1460179221 -1907380524
2078459238 1167587088 -1149323114 2074776232

