Choose operation:
1. add
2. sub
3. mul
4. trans
5. trace
Operation mul requires 2 operand matrices.
Insert first matrix:
number of rows:number of columns:Now insert the values of the matrix, row by row.
After each cell add the char ',' (including after the last cell of a row).
Each row should be in a separate line.
Insert second matrix:
number of rows:number of columns:Now insert the values of the matrix, row by row.
After each cell add the char ',' (including after the last cell of a row).
Each row should be in a separate line.
--------
Got first matrix:

1055038015
-1323975787
-271535981
457221606

--------
Got second matrix:

-1725172627 -1481749755 -2087019449

==========
Resulted matrix:

1360312531 -1922074565 -1916982407
-1408114063 -2052632343 1912066643
-2015868265 -1145535521 535334085
-1941447954 1160879998 1919036106

