Choose operation:
1. add
2. sub
3. mul
4. trans
5. trace
Operation trace requires 1 operand matrix.
number of rows:number of columns:Now insert the values of the matrix, row by row.
After each cell add the char ',' (including after the last cell of a row).
Each row should be in a separate line.
--------
got matrix:

-1739743798 -1550487614 971788235 269025545
-1553629699 -452876771 1318993387 1975407773
25187391 -208641947 969640799 2093248945

Error: trace failed - The matrix isn't square.
