Choose operation:
1. add
2. sub
3. mul
4. trans
5. trace
Operation trace requires 1 operand matrix.
number of rows:number of columns:Now insert the values of the matrix, row by row.
After each cell add the char ',' (including after the last cell of a row).
Each row should be in a separate line.
--------
got matrix:

1225249979 -1431068892
633465853 218076383

The matrix is square and its trace is 1443326362
