Choose operation:
1. add
2. sub
3. mul
4. trans
5. trace
Operation trans requires 1 operand matrix.
number of rows:number of columns:Now insert the values of the matrix, row by row.
After each cell add the char ',' (including after the last cell of a row).
Each row should be in a separate line.
--------
got matrix:

-90993567 2008910971
830496203 -1911195903
-2104290641 668743904

==========
Resulted matrix:

-90993567 830496203 -2104290641
2008910971 -1911195903 668743904

