Choose operation:
1. add
2. sub
3. mul
4. trans
5. trace
Operation trans requires 1 operand matrix.
number of rows:number of columns:Now insert the values of the matrix, row by row.
After each cell add the char ',' (including after the last cell of a row).
Each row should be in a separate line.
--------
got matrix:

-1056366271 -1648318376 945076041 1095048796

==========
Resulted matrix:

-1056366271
-1648318376
945076041
1095048796

