Choose operation:
1. add
2. sub
3. mul
4. trans
5. trace
Operation add requires 2 operand matrices.
Insert first matrix:
number of rows:number of columns:Now insert the values of the matrix, row by row.
After each cell add the char ',' (including after the last cell of a row).
Each row should be in a separate line.
Insert second matrix:
number of rows:number of columns:Now insert the values of the matrix, row by row.
After each cell add the char ',' (including after the last cell of a row).
Each row should be in a separate line.
--------
Got first matrix:

-1527376393 1686534190 -1752512429 37808406
-2053815500 -1076774437 -1592205589 418412018
-1522831350 2132478860 457507300 568313047
6412321 -1123635869 1443844362 1961895511

--------
Got second matrix:

-1527376393 1686534190 -1752512429 37808406
-2053815500 -1076774437 -1592205589 418412018
-1522831350 2132478860 457507300 568313047
6412321 -1123635869 1443844362 1961895511

==========
Resulted matrix:

1240214510 -921898916 789942438 75616812
187336296 2141418422 1110556118 836824036
1249304596 -30009576 915014600 1136626094
12824642 2047695558 -1407278572 -371176274

