Choose operation:
1. add
2. sub
3. mul
4. trans
5. trace
Operation mul requires 2 operand matrices.
Insert first matrix:
number of rows:number of columns:Now insert the values of the matrix, row by row.
After each cell add the char ',' (including after the last cell of a row).
Each row should be in a separate line.
Insert second matrix:
number of rows:number of columns:Now insert the values of the matrix, row by row.
After each cell add the char ',' (including after the last cell of a row).
Each row should be in a separate line.
--------
Got first matrix:

1225249979 -1431068892
633465853 218076383

--------
Got second matrix:

1804417749 488370611 -627799469 -1309927709
-427223922 209899815 -503593191 -1294601378

==========
Resulted matrix:

403338127 889744445 417221925 1955942153
1172745011 858254304 -1901213746 -349481415

