Choose operation:
1. add
2. sub
3. mul
4. trans
5. trace
Operation mul requires 2 operand matrices.
Insert first matrix:
number of rows:number of columns:Now insert the values of the matrix, row by row.
After each cell add the char ',' (including after the last cell of a row).
Each row should be in a separate line.
Insert second matrix:
number of rows:number of columns:Now insert the values of the matrix, row by row.
After each cell add the char ',' (including after the last cell of a row).
Each row should be in a separate line.
--------
Got first matrix:

1055038015
-1323975787
-271535981
457221606

--------
Got second matrix:

-1226866667 -1295401507

==========
Resulted matrix:

-1667815637 2130094947
-1185029319 -851644255
1450507279 -219154969
-1768252450 1860175246

