Choose operation:
1. add
2. sub
3. mul
4. trans
5. trace
Operation mul requires 2 operand matrices.
Insert first matrix:
number of rows:number of columns:Now insert the values of the matrix, row by row.
After each cell add the char ',' (including after the last cell of a row).
Each row should be in a separate line.
Insert second matrix:
number of rows:number of columns:Now insert the values of the matrix, row by row.
After each cell add the char ',' (including after the last cell of a row).
Each row should be in a separate line.
--------
Got first matrix:

-1739743798 -1550487614 971788235 269025545
-1553629699 -452876771 1318993387 1975407773
25187391 -208641947 969640799 2093248945

--------
Got second matrix:

-1355712351 -1162033321 -22463929
-1235911185 -1073673456 -639569798
-441807896 -2072520652 1241473162
-240478431 1027211553 1616273144

==========
Resulted matrix:

385414729 -1221877717 2030181280
-1252045979 2107866564 -949568573
2127217875 2128922582 -135125431

