Choose operation:
1. add
2. sub
3. mul
4. trans
5. trace
Operation mul requires 2 operand matrices.
Insert first matrix:
number of rows:number of columns:Now insert the values of the matrix, row by row.
After each cell add the char ',' (including after the last cell of a row).
Each row should be in a separate line.
Insert second matrix:
number of rows:number of columns:Now insert the values of the matrix, row by row.
After each cell add the char ',' (including after the last cell of a row).
Each row should be in a separate line.
--------
Got first matrix:

-1527376393 1686534190 -1752512429 37808406
-2053815500 -1076774437 -1592205589 418412018
-1522831350 2132478860 457507300 568313047
6412321 -1123635869 1443844362 1961895511

--------
Got second matrix:

-1355712351 -1162033321 -22463929
-1235911185 -1073673456 -639569798
-441807896 -2072520652 1241473162
-240478431 1027211553 1616273144

==========
Resulted matrix:

1291051863 1575407491 -1245613701
930981459 -1815871670 728086248
669056341 1397395245 385564334
-540296075 -1833738330 1489854977

