Choose operation:
1. add
2. sub
3. mul
4. trans
5. trace
Operation mul requires 2 operand matrices.
Insert first matrix:
number of rows:number of columns:Now insert the values of the matrix, row by row.
After each cell add the char ',' (including after the last cell of a row).
Each row should be in a separate line.
Insert second matrix:
number of rows:number of columns:Now insert the values of the matrix, row by row.
After each cell add the char ',' (including after the last cell of a row).
Each row should be in a separate line.
--------
Got first matrix:

-1527376393 1686534190 -1752512429 37808406
-2053815500 -1076774437 -1592205589 418412018
-1522831350 2132478860 457507300 568313047
6412321 -1123635869 1443844362 1961895511

--------
Got second matrix:

-2006801788 1186153203 -1914232290
361784547 415789955 346254061
1210921613 1140050836 -1728163873

Error: mul failed - different dimensions.
